dp-mpijob-worker-0:16:626 [0] NCCL INFO Channel 01/0 : 0[12000] -> 8[12000] [send] via NET/Socket/0
dp-mpijob-worker-1:16:622 [0] NCCL INFO Channel 01/0 : 0[12000] -> 8[12000] [receive] via NET/Socket/0
dp-mpijob-worker-2:16:622 [0] NCCL INFO Channel 00/0 : 16[12000] -> 0[12000] [send] via NET/Socket/0
dp-mpijob-worker-1:16:622 [0] NCCL INFO Channel 00/0 : 8[12000] -> 17[13000] [send] via NET/Socket/0
dp-mpijob-worker-2:16:622 [0] NCCL INFO Channel 01/0 : 16[12000] -> 1[13000] [send] via NET/Socket/0
dp-mpijob-worker-2:17:624 [1] NCCL INFO Channel 00/0 : 17[13000] -> 8[12000] [send] via NET/Socket/0
dp-mpijob-worker-0:17:629 [1] NCCL INFO Channel 01/0 : 1[13000] -> 16[12000] [send] via NET/Socket/0
dp-mpijob-worker-1:16:622 [0] NCCL INFO Channel 00/0 : 17[13000] -> 8[12000] [receive] via NET/Socket/0
dp-mpijob-worker-2:16:622 [0] NCCL INFO Channel 01/0 : 1[13000] -> 16[12000] [receive] via NET/Socket/0
dp-mpijob-worker-1:16:622 [0] NCCL INFO Channel 01/0 : 8[12000] -> 0[12000] [send] via NET/Socket/0
dp-mpijob-worker-2:16:622 [0] NCCL INFO Channel 00/0 : 0[12000] -> 16[12000] [receive] via NET/Socket/0
dp-mpijob-worker-0:16:626 [0] NCCL INFO Channel 01/0 : 8[12000] -> 0[12000] [receive] via NET/Socket/0
dp-mpijob-worker-0:16:626 [0] NCCL INFO Channel 00/0 : 0[12000] -> 16[12000] [send] via NET/Socket/0
dp-mpijob-worker-0:17:629 [1] NCCL INFO Channel 00 : 1[13000] -> 0[12000] via SHM/direct/direct
dp-mpijob-worker-0:17:629 [1] NCCL INFO Channel 01 : 1[13000] -> 0[12000] via SHM/direct/direct
dp-mpijob-worker-0:18:627 [2] NCCL INFO Connected all trees
dp-mpijob-worker-0:18:627 [2] NCCL INFO threadThresholds 8/8/64 | 192/8/64 | 512 | 512
dp-mpijob-worker-0:18:627 [2] NCCL INFO 2 coll channels, 2 p2p channels, 2 p2p channels per peer
dp-mpijob-worker-1:16:622 [0] NCCL INFO Connected all trees
dp-mpijob-worker-1:16:622 [0] NCCL INFO threadThresholds 8/8/64 | 192/8/64 | 512 | 512
dp-mpijob-worker-1:16:622 [0] NCCL INFO 2 coll channels, 2 p2p channels, 2 p2p channels per peer
dp-mpijob-worker-0:16:626 [0] NCCL INFO Connected all trees
dp-mpijob-worker-0:16:626 [0] NCCL INFO threadThresholds 8/8/64 | 192/8/64 | 512 | 512
dp-mpijob-worker-0:16:626 [0] NCCL INFO 2 coll channels, 2 p2p channels, 2 p2p channels per peer
dp-mpijob-worker-1:17:626 [1] NCCL INFO Connected all trees
dp-mpijob-worker-1:17:626 [1] NCCL INFO threadThresholds 8/8/64 | 192/8/64 | 512 | 512
dp-mpijob-worker-1:17:626 [1] NCCL INFO 2 coll channels, 2 p2p channels, 2 p2p channels per peer
dp-mpijob-worker-0:17:629 [1] NCCL INFO Connected all trees
dp-mpijob-worker-0:17:629 [1] NCCL INFO threadThresholds 8/8/64 | 192/8/64 | 512 | 512
dp-mpijob-worker-0:17:629 [1] NCCL INFO 2 coll channels, 2 p2p channels, 2 p2p channels per peer
dp-mpijob-worker-2:17:624 [1] NCCL INFO Channel 00 : 17[13000] -> 16[12000] via SHM/direct/direct
dp-mpijob-worker-2:17:624 [1] NCCL INFO Channel 01 : 17[13000] -> 16[12000] via SHM/direct/direct
dp-mpijob-worker-2:16:622 [0] NCCL INFO Connected all trees
dp-mpijob-worker-2:16:622 [0] NCCL INFO threadThresholds 8/8/64 | 192/8/64 | 512 | 512
dp-mpijob-worker-2:16:622 [0] NCCL INFO 2 coll channels, 2 p2p channels, 2 p2p channels per peer
dp-mpijob-worker-2:18:626 [2] NCCL INFO Connected all trees
dp-mpijob-worker-2:18:626 [2] NCCL INFO threadThresholds 8/8/64 | 192/8/64 | 512 | 512
dp-mpijob-worker-2:18:626 [2] NCCL INFO 2 coll channels, 2 p2p channels, 2 p2p channels per peer
dp-mpijob-worker-2:17:624 [1] NCCL INFO Connected all trees
dp-mpijob-worker-2:17:624 [1] NCCL INFO threadThresholds 8/8/64 | 192/8/64 | 512 | 512
dp-mpijob-worker-2:17:624 [1] NCCL INFO 2 coll channels, 2 p2p channels, 2 p2p channels per peer
dp-mpijob-worker-1:16:622 [0] NCCL INFO comm 0x3d1387d0 rank 8 nranks 24 cudaDev 0 busId 12000 - Init COMPLETE
dp-mpijob-worker-0:17:629 [1] NCCL INFO comm 0x4df91bd0 rank 1 nranks 24 cudaDev 1 busId 13000 - Init COMPLETE
dp-mpijob-worker-1:23:627 [7] NCCL INFO comm 0x4e704a90 rank 15 nranks 24 cudaDev 7 busId c2000 - Init COMPLETE
dp-mpijob-worker-1:20:629 [4] NCCL INFO comm 0x4b0faf50 rank 12 nranks 24 cudaDev 4 busId 89000 - Init COMPLETE
dp-mpijob-worker-1:18:623 [2] NCCL INFO comm 0x4c6343a0 rank 10 nranks 24 cudaDev 2 busId 48000 - Init COMPLETE
dp-mpijob-worker-1:19:624 [3] NCCL INFO comm 0x4d9e7190 rank 11 nranks 24 cudaDev 3 busId 49000 - Init COMPLETE
dp-mpijob-worker-1:21:628 [5] NCCL INFO comm 0x4c35ce20 rank 13 nranks 24 cudaDev 5 busId 8a000 - Init COMPLETE
dp-mpijob-worker-1:22:625 [6] NCCL INFO comm 0x4eec4750 rank 14 nranks 24 cudaDev 6 busId c1000 - Init COMPLETE
dp-mpijob-worker-1:17:626 [1] NCCL INFO comm 0x4ebbec00 rank 9 nranks 24 cudaDev 1 busId 13000 - Init COMPLETE
dp-mpijob-worker-2:16:622 [0] NCCL INFO comm 0x3cfa63f0 rank 16 nranks 24 cudaDev 0 busId 12000 - Init COMPLETE
dp-mpijob-worker-0:16:626 [0] NCCL INFO comm 0x3f9be040 rank 0 nranks 24 cudaDev 0 busId 12000 - Init COMPLETE
dp-mpijob-worker-2:18:626 [2] NCCL INFO comm 0x4ea39fc0 rank 18 nranks 24 cudaDev 2 busId 48000 - Init COMPLETE
dp-mpijob-worker-2:22:623 [6] NCCL INFO comm 0x4b6a45d0 rank 22 nranks 24 cudaDev 6 busId c1000 - Init COMPLETE
dp-mpijob-worker-2:21:629 [5] NCCL INFO comm 0x4cb2c030 rank 21 nranks 24 cudaDev 5 busId 8a000 - Init COMPLETE
dp-mpijob-worker-2:20:628 [4] NCCL INFO comm 0x4da28680 rank 20 nranks 24 cudaDev 4 busId 89000 - Init COMPLETE
dp-mpijob-worker-2:23:627 [7] NCCL INFO comm 0x4da76e70 rank 23 nranks 24 cudaDev 7 busId c2000 - Init COMPLETE
dp-mpijob-worker-0:23:631 [7] NCCL INFO comm 0x4d3d0360 rank 7 nranks 24 cudaDev 7 busId c2000 - Init COMPLETE
dp-mpijob-worker-0:19:628 [3] NCCL INFO comm 0x4f134760 rank 3 nranks 24 cudaDev 3 busId 49000 - Init COMPLETE
dp-mpijob-worker-0:21:633 [5] NCCL INFO comm 0x5040c750 rank 5 nranks 24 cudaDev 5 busId 8a000 - Init COMPLETE
dp-mpijob-worker-0:22:632 [6] NCCL INFO comm 0x4e23dbb0 rank 6 nranks 24 cudaDev 6 busId c1000 - Init COMPLETE
dp-mpijob-worker-0:20:630 [4] NCCL INFO comm 0x4e72fa80 rank 4 nranks 24 cudaDev 4 busId 89000 - Init COMPLETE
dp-mpijob-worker-0:18:627 [2] NCCL INFO comm 0x4ca6f930 rank 2 nranks 24 cudaDev 2 busId 48000 - Init COMPLETE
dp-mpijob-worker-2:19:625 [3] NCCL INFO comm 0x4d4ba2f0 rank 19 nranks 24 cudaDev 3 busId 49000 - Init COMPLETE
dp-mpijob-worker-2:17:624 [1] NCCL INFO comm 0x4d2a6c30 rank 17 nranks 24 cudaDev 1 busId 13000 - Init COMPLETE
Files already downloaded and verified
Files already downloaded and verified
Files already downloaded and verified
Files already downloaded and verified
Files already downloaded and verified
Files already downloaded and verified
Files already downloaded and verified
Files already downloaded and verified
Files already downloaded and verified
Files already downloaded and verified
Files already downloaded and verified
Files already downloaded and verified
Files already downloaded and verified
Files already downloaded and verified
Files already downloaded and verified
Files already downloaded and verified
Files already downloaded and verified
Files already downloaded and verified
Files already downloaded and verified
Files already downloaded and verified
Files already downloaded and verified
Files already downloaded and verified
Files already downloaded and verified
Files already downloaded and verified
Files already downloaded and verified
Files already downloaded and verified
Files already downloaded and verified
Files already downloaded and verified
Files already downloaded and verified
Files already downloaded and verified
Files already downloaded and verified
 frog   dog   cat   car
[2023-08-14 09:01:40,269] [INFO] [logging.py:96:log_dist] [Rank 0] DeepSpeed info: version=0.10.0, git-hash=unknown, git-branch=unknown
[2023-08-14 09:01:40,270] [WARNING] [config_utils.py:69:_process_deprecated_field] Config parameter cpu_offload is deprecated use offload_optimizer instead
Files already downloaded and verified
Files already downloaded and verified
Files already downloaded and verified
Files already downloaded and verified
Files already downloaded and verified
Files already downloaded and verified
Files already downloaded and verified
Files already downloaded and verified
Files already downloaded and verified
Files already downloaded and verified
Files already downloaded and verified
Files already downloaded and verified
Files already downloaded and verified
Files already downloaded and verified
Files already downloaded and verified
Files already downloaded and verified
 bird   cat  deer   cat
[2023-08-14 09:01:41,135] [WARNING] [config_utils.py:69:_process_deprecated_field] Config parameter cpu_offload is deprecated use offload_optimizer instead
 frog   car  deer   cat
[2023-08-14 09:01:41,159] [WARNING] [config_utils.py:69:_process_deprecated_field] Config parameter cpu_offload is deprecated use offload_optimizer instead
 ship plane horse  deer
[2023-08-14 09:01:41,216] [WARNING] [config_utils.py:69:_process_deprecated_field] Config parameter cpu_offload is deprecated use offload_optimizer instead
  car  frog   cat  bird
[2023-08-14 09:01:41,224] [WARNING] [config_utils.py:69:_process_deprecated_field] Config parameter cpu_offload is deprecated use offload_optimizer instead
truck   car  deer horse
 ship horse  bird  deer
[2023-08-14 09:01:41,234] [WARNING] [config_utils.py:69:_process_deprecated_field] Config parameter cpu_offload is deprecated use offload_optimizer instead
[2023-08-14 09:01:41,238] [WARNING] [config_utils.py:69:_process_deprecated_field] Config parameter cpu_offload is deprecated use offload_optimizer instead
 frog  bird   car plane
[2023-08-14 09:01:41,254] [WARNING] [config_utils.py:69:_process_deprecated_field] Config parameter cpu_offload is deprecated use offload_optimizer instead
 bird  ship  deer  deer
[2023-08-14 09:01:41,873] [WARNING] [config_utils.py:69:_process_deprecated_field] Config parameter cpu_offload is deprecated use offload_optimizer instead
 bird horse  ship  ship
[2023-08-14 09:01:41,885] [WARNING] [config_utils.py:69:_process_deprecated_field] Config parameter cpu_offload is deprecated use offload_optimizer instead
 bird truck truck plane
[2023-08-14 09:01:41,928] [WARNING] [config_utils.py:69:_process_deprecated_field] Config parameter cpu_offload is deprecated use offload_optimizer instead
  cat   dog truck  frog
[2023-08-14 09:01:41,935] [WARNING] [config_utils.py:69:_process_deprecated_field] Config parameter cpu_offload is deprecated use offload_optimizer instead
horse plane  frog truck
 ship   dog  bird  frog
[2023-08-14 09:01:41,954] [WARNING] [config_utils.py:69:_process_deprecated_field] Config parameter cpu_offload is deprecated use offload_optimizer instead
[2023-08-14 09:01:41,954] [WARNING] [config_utils.py:69:_process_deprecated_field] Config parameter cpu_offload is deprecated use offload_optimizer instead
horse  ship plane   cat
[2023-08-14 09:01:41,972] [WARNING] [config_utils.py:69:_process_deprecated_field] Config parameter cpu_offload is deprecated use offload_optimizer instead
  dog  deer   cat  ship
plane  ship  frog  bird
  dog   dog  frog   car
[2023-08-14 09:01:41,983] [WARNING] [config_utils.py:69:_process_deprecated_field] Config parameter cpu_offload is deprecated use offload_optimizer instead
[2023-08-14 09:01:41,983] [WARNING] [config_utils.py:69:_process_deprecated_field] Config parameter cpu_offload is deprecated use offload_optimizer instead
[2023-08-14 09:01:41,985] [WARNING] [config_utils.py:69:_process_deprecated_field] Config parameter cpu_offload is deprecated use offload_optimizer instead
 bird  bird plane  deer
 bird plane   dog   dog
[2023-08-14 09:01:41,995] [WARNING] [config_utils.py:69:_process_deprecated_field] Config parameter cpu_offload is deprecated use offload_optimizer instead
[2023-08-14 09:01:42,002] [WARNING] [config_utils.py:69:_process_deprecated_field] Config parameter cpu_offload is deprecated use offload_optimizer instead
  cat   dog  ship  frog
[2023-08-14 09:01:42,013] [WARNING] [config_utils.py:69:_process_deprecated_field] Config parameter cpu_offload is deprecated use offload_optimizer instead
 ship  deer  bird horse
[2023-08-14 09:01:42,064] [WARNING] [config_utils.py:69:_process_deprecated_field] Config parameter cpu_offload is deprecated use offload_optimizer instead
horse  frog horse plane
[2023-08-14 09:01:42,146] [WARNING] [config_utils.py:69:_process_deprecated_field] Config parameter cpu_offload is deprecated use offload_optimizer instead
plane   cat plane   cat
[2023-08-14 09:01:42,169] [WARNING] [config_utils.py:69:_process_deprecated_field] Config parameter cpu_offload is deprecated use offload_optimizer instead
dp-mpijob-worker-0:16:1717 [0] NCCL INFO Using network Socket
dp-mpijob-worker-1:23:1726 [7] NCCL INFO Using network Socket
dp-mpijob-worker-1:19:1727 [3] NCCL INFO Using network Socket
dp-mpijob-worker-1:18:1728 [2] NCCL INFO Using network Socket
dp-mpijob-worker-0:17:1718 [1] NCCL INFO Using network Socket
dp-mpijob-worker-0:19:1719 [3] NCCL INFO Using network Socket
dp-mpijob-worker-2:17:1727 [1] NCCL INFO Using network Socket
dp-mpijob-worker-2:19:1726 [3] NCCL INFO Using network Socket
dp-mpijob-worker-1:22:1729 [6] NCCL INFO Using network Socket
dp-mpijob-worker-2:22:1728 [6] NCCL INFO Using network Socket
dp-mpijob-worker-0:21:1720 [5] NCCL INFO Using network Socket
dp-mpijob-worker-2:16:1729 [0] NCCL INFO Using network Socket
dp-mpijob-worker-2:18:1730 [2] NCCL INFO Using network Socket
dp-mpijob-worker-1:21:1730 [5] NCCL INFO Using network Socket
dp-mpijob-worker-2:23:1731 [7] NCCL INFO Using network Socket
dp-mpijob-worker-0:23:1721 [7] NCCL INFO Using network Socket
dp-mpijob-worker-1:16:1731 [0] NCCL INFO Using network Socket
dp-mpijob-worker-1:20:1732 [4] NCCL INFO Using network Socket
dp-mpijob-worker-1:17:1733 [1] NCCL INFO Using network Socket
dp-mpijob-worker-0:18:1722 [2] NCCL INFO Using network Socket
dp-mpijob-worker-2:20:1732 [4] NCCL INFO Using network Socket
dp-mpijob-worker-0:22:1723 [6] NCCL INFO Using network Socket
dp-mpijob-worker-0:20:1724 [4] NCCL INFO Using network Socket
dp-mpijob-worker-2:21:1733 [5] NCCL INFO Using network Socket
dp-mpijob-worker-0:19:1719 [3] NCCL INFO Setting affinity for GPU 3 to 555555,55555555,55555555
dp-mpijob-worker-0:17:1718 [1] NCCL INFO Setting affinity for GPU 1 to 555555,55555555,55555555
dp-mpijob-worker-0:21:1720 [5] NCCL INFO Setting affinity for GPU 5 to aaaaaa,aaaaaaaa,aaaaaaaa
dp-mpijob-worker-0:22:1723 [6] NCCL INFO Setting affinity for GPU 6 to aaaaaa,aaaaaaaa,aaaaaaaa
dp-mpijob-worker-0:16:1717 [0] NCCL INFO Setting affinity for GPU 0 to 555555,55555555,55555555
dp-mpijob-worker-0:20:1724 [4] NCCL INFO Setting affinity for GPU 4 to aaaaaa,aaaaaaaa,aaaaaaaa
dp-mpijob-worker-0:18:1722 [2] NCCL INFO Setting affinity for GPU 2 to 555555,55555555,55555555
dp-mpijob-worker-0:23:1721 [7] NCCL INFO Setting affinity for GPU 7 to aaaaaa,aaaaaaaa,aaaaaaaa
dp-mpijob-worker-1:23:1726 [7] NCCL INFO Setting affinity for GPU 7 to aaaaaa,aaaaaaaa,aaaaaaaa
dp-mpijob-worker-1:21:1730 [5] NCCL INFO Setting affinity for GPU 5 to aaaaaa,aaaaaaaa,aaaaaaaa
dp-mpijob-worker-1:22:1729 [6] NCCL INFO Setting affinity for GPU 6 to aaaaaa,aaaaaaaa,aaaaaaaa
dp-mpijob-worker-1:16:1731 [0] NCCL INFO Setting affinity for GPU 0 to 555555,55555555,55555555
dp-mpijob-worker-1:19:1727 [3] NCCL INFO Setting affinity for GPU 3 to 555555,55555555,55555555
dp-mpijob-worker-2:22:1728 [6] NCCL INFO Setting affinity for GPU 6 to aaaaaa,aaaaaaaa,aaaaaaaa
dp-mpijob-worker-1:18:1728 [2] NCCL INFO Setting affinity for GPU 2 to 555555,55555555,55555555
dp-mpijob-worker-1:17:1733 [1] NCCL INFO Setting affinity for GPU 1 to 555555,55555555,55555555
dp-mpijob-worker-1:20:1732 [4] NCCL INFO Setting affinity for GPU 4 to aaaaaa,aaaaaaaa,aaaaaaaa
dp-mpijob-worker-2:19:1726 [3] NCCL INFO Setting affinity for GPU 3 to 555555,55555555,55555555
dp-mpijob-worker-2:21:1733 [5] NCCL INFO Setting affinity for GPU 5 to aaaaaa,aaaaaaaa,aaaaaaaa
dp-mpijob-worker-2:17:1727 [1] NCCL INFO Setting affinity for GPU 1 to 555555,55555555,55555555
dp-mpijob-worker-2:18:1730 [2] NCCL INFO Setting affinity for GPU 2 to 555555,55555555,55555555
dp-mpijob-worker-2:20:1732 [4] NCCL INFO Setting affinity for GPU 4 to aaaaaa,aaaaaaaa,aaaaaaaa
dp-mpijob-worker-2:23:1731 [7] NCCL INFO Setting affinity for GPU 7 to aaaaaa,aaaaaaaa,aaaaaaaa
dp-mpijob-worker-2:16:1729 [0] NCCL INFO Setting affinity for GPU 0 to 555555,55555555,55555555
dp-mpijob-worker-2:23:1731 [7] NCCL INFO Trees [0] -1/-1/-1->23->22 [1] -1/-1/-1->23->22
dp-mpijob-worker-2:22:1728 [6] NCCL INFO Trees [0] 23/-1/-1->22->21 [1] 23/-1/-1->22->21
dp-mpijob-worker-2:21:1733 [5] NCCL INFO Trees [0] 22/-1/-1->21->20 [1] 22/-1/-1->21->20
dp-mpijob-worker-2:20:1732 [4] NCCL INFO Trees [0] 21/-1/-1->20->19 [1] 21/-1/-1->20->19
dp-mpijob-worker-2:19:1726 [3] NCCL INFO Trees [0] 20/-1/-1->19->18 [1] 20/-1/-1->19->18
dp-mpijob-worker-2:18:1730 [2] NCCL INFO Trees [0] 19/-1/-1->18->17 [1] 19/-1/-1->18->17
dp-mpijob-worker-2:16:1729 [0] NCCL INFO Trees [0] 17/-1/-1->16->0 [1] 17/-1/-1->16->1
dp-mpijob-worker-0:20:1724 [4] NCCL INFO Trees [0] 5/-1/-1->4->3 [1] 5/-1/-1->4->3
dp-mpijob-worker-2:17:1727 [1] NCCL INFO Trees [0] 18/8/-1->17->16 [1] 18/-1/-1->17->16
dp-mpijob-worker-0:17:1718 [1] NCCL INFO Trees [0] 2/-1/-1->1->0 [1] 2/16/-1->1->0
dp-mpijob-worker-1:19:1727 [3] NCCL INFO Trees [0] 12/-1/-1->11->10 [1] 12/-1/-1->11->10
dp-mpijob-worker-0:22:1723 [6] NCCL INFO Trees [0] 7/-1/-1->6->5 [1] 7/-1/-1->6->5
dp-mpijob-worker-0:18:1722 [2] NCCL INFO Trees [0] 3/-1/-1->2->1 [1] 3/-1/-1->2->1
dp-mpijob-worker-1:22:1729 [6] NCCL INFO Trees [0] 15/-1/-1->14->13 [1] 15/-1/-1->14->13
dp-mpijob-worker-0:19:1719 [3] NCCL INFO Trees [0] 4/-1/-1->3->2 [1] 4/-1/-1->3->2
dp-mpijob-worker-1:21:1730 [5] NCCL INFO Trees [0] 14/-1/-1->13->12 [1] 14/-1/-1->13->12
dp-mpijob-worker-0:23:1721 [7] NCCL INFO Trees [0] -1/-1/-1->7->6 [1] -1/-1/-1->7->6
dp-mpijob-worker-1:17:1733 [1] NCCL INFO Trees [0] 10/-1/-1->9->8 [1] 10/-1/-1->9->8
dp-mpijob-worker-0:21:1720 [5] NCCL INFO Trees [0] 6/-1/-1->5->4 [1] 6/-1/-1->5->4
dp-mpijob-worker-1:18:1728 [2] NCCL INFO Trees [0] 11/-1/-1->10->9 [1] 11/-1/-1->10->9
dp-mpijob-worker-0:16:1717 [0] NCCL INFO Channel 00/02 :    0   1   2   3   4   5   6   7   8   9  10  11  12  13  14  15  16  17  18  19
dp-mpijob-worker-0:16:1717 [0] NCCL INFO Channel 01/02 :    0   1   2   3   4   5   6   7   8   9  10  11  12  13  14  15  16  17  18  19
dp-mpijob-worker-0:16:1717 [0] NCCL INFO Trees [0] 1/16/-1->0->-1 [1] 1/-1/-1->0->8
dp-mpijob-worker-1:23:1726 [7] NCCL INFO Trees [0] -1/-1/-1->15->14 [1] -1/-1/-1->15->14
dp-mpijob-worker-1:20:1732 [4] NCCL INFO Trees [0] 13/-1/-1->12->11 [1] 13/-1/-1->12->11
dp-mpijob-worker-1:16:1731 [0] NCCL INFO Trees [0] 9/-1/-1->8->17 [1] 9/0/-1->8->-1
dp-mpijob-worker-0:16:1717 [0] NCCL INFO Channel 00/0 : 23[c2000] -> 0[12000] [receive] via NET/Socket/0
dp-mpijob-worker-0:16:1717 [0] NCCL INFO Channel 01/0 : 23[c2000] -> 0[12000] [receive] via NET/Socket/0
dp-mpijob-worker-2:16:1729 [0] NCCL INFO Channel 00/0 : 15[c2000] -> 16[12000] [receive] via NET/Socket/0
dp-mpijob-worker-1:16:1731 [0] NCCL INFO Channel 00/0 : 7[c2000] -> 8[12000] [receive] via NET/Socket/0
dp-mpijob-worker-2:16:1729 [0] NCCL INFO Channel 01/0 : 15[c2000] -> 16[12000] [receive] via NET/Socket/0
dp-mpijob-worker-1:16:1731 [0] NCCL INFO Channel 01/0 : 7[c2000] -> 8[12000] [receive] via NET/Socket/0
dp-mpijob-worker-2:16:1729 [0] NCCL INFO Channel 00 : 16[12000] -> 17[13000] via SHM/direct/direct
dp-mpijob-worker-2:16:1729 [0] NCCL INFO Channel 01 : 16[12000] -> 17[13000] via SHM/direct/direct
dp-mpijob-worker-0:16:1717 [0] NCCL INFO Channel 00 : 0[12000] -> 1[13000] via SHM/direct/direct
dp-mpijob-worker-0:16:1717 [0] NCCL INFO Channel 01 : 0[12000] -> 1[13000] via SHM/direct/direct
dp-mpijob-worker-1:16:1731 [0] NCCL INFO Channel 00 : 8[12000] -> 9[13000] via SHM/direct/direct
dp-mpijob-worker-1:16:1731 [0] NCCL INFO Channel 01 : 8[12000] -> 9[13000] via SHM/direct/direct
dp-mpijob-worker-2:17:1727 [1] NCCL INFO Channel 00 : 17[13000] -> 18[48000] via SHM/direct/direct
dp-mpijob-worker-2:21:1733 [5] NCCL INFO Channel 00 : 21[8a000] -> 22[c1000] via SHM/direct/direct
dp-mpijob-worker-2:19:1726 [3] NCCL INFO Channel 00 : 19[49000] -> 20[89000] via SHM/direct/direct
dp-mpijob-worker-2:20:1732 [4] NCCL INFO Channel 00 : 20[89000] -> 21[8a000] via SHM/direct/direct
dp-mpijob-worker-2:22:1728 [6] NCCL INFO Channel 00 : 22[c1000] -> 23[c2000] via SHM/direct/direct
dp-mpijob-worker-2:17:1727 [1] NCCL INFO Channel 01 : 17[13000] -> 18[48000] via SHM/direct/direct
dp-mpijob-worker-2:18:1730 [2] NCCL INFO Channel 00 : 18[48000] -> 19[49000] via SHM/direct/direct
dp-mpijob-worker-2:21:1733 [5] NCCL INFO Channel 01 : 21[8a000] -> 22[c1000] via SHM/direct/direct
dp-mpijob-worker-2:20:1732 [4] NCCL INFO Channel 01 : 20[89000] -> 21[8a000] via SHM/direct/direct
dp-mpijob-worker-2:19:1726 [3] NCCL INFO Channel 01 : 19[49000] -> 20[89000] via SHM/direct/direct
dp-mpijob-worker-2:22:1728 [6] NCCL INFO Channel 01 : 22[c1000] -> 23[c2000] via SHM/direct/direct
dp-mpijob-worker-2:18:1730 [2] NCCL INFO Channel 01 : 18[48000] -> 19[49000] via SHM/direct/direct
dp-mpijob-worker-0:17:1718 [1] NCCL INFO Channel 00 : 1[13000] -> 2[48000] via SHM/direct/direct
dp-mpijob-worker-0:19:1719 [3] NCCL INFO Channel 00 : 3[49000] -> 4[89000] via SHM/direct/direct
dp-mpijob-worker-0:17:1718 [1] NCCL INFO Channel 01 : 1[13000] -> 2[48000] via SHM/direct/direct
dp-mpijob-worker-0:21:1720 [5] NCCL INFO Channel 00 : 5[8a000] -> 6[c1000] via SHM/direct/direct
dp-mpijob-worker-0:19:1719 [3] NCCL INFO Channel 01 : 3[49000] -> 4[89000] via SHM/direct/direct
dp-mpijob-worker-0:20:1724 [4] NCCL INFO Channel 00 : 4[89000] -> 5[8a000] via SHM/direct/direct
dp-mpijob-worker-0:22:1723 [6] NCCL INFO Channel 00 : 6[c1000] -> 7[c2000] via SHM/direct/direct
dp-mpijob-worker-0:21:1720 [5] NCCL INFO Channel 01 : 5[8a000] -> 6[c1000] via SHM/direct/direct
dp-mpijob-worker-0:18:1722 [2] NCCL INFO Channel 00 : 2[48000] -> 3[49000] via SHM/direct/direct
dp-mpijob-worker-0:22:1723 [6] NCCL INFO Channel 01 : 6[c1000] -> 7[c2000] via SHM/direct/direct
dp-mpijob-worker-0:20:1724 [4] NCCL INFO Channel 01 : 4[89000] -> 5[8a000] via SHM/direct/direct
dp-mpijob-worker-0:18:1722 [2] NCCL INFO Channel 01 : 2[48000] -> 3[49000] via SHM/direct/direct
dp-mpijob-worker-2:23:1731 [7] NCCL INFO Channel 00/0 : 23[c2000] -> 0[12000] [send] via NET/Socket/0
dp-mpijob-worker-2:23:1731 [7] NCCL INFO Channel 01/0 : 23[c2000] -> 0[12000] [send] via NET/Socket/0
dp-mpijob-worker-0:23:1721 [7] NCCL INFO Channel 00/0 : 7[c2000] -> 8[12000] [send] via NET/Socket/0
dp-mpijob-worker-0:23:1721 [7] NCCL INFO Channel 01/0 : 7[c2000] -> 8[12000] [send] via NET/Socket/0
dp-mpijob-worker-1:21:1730 [5] NCCL INFO Channel 00 : 13[8a000] -> 14[c1000] via SHM/direct/direct
dp-mpijob-worker-1:17:1733 [1] NCCL INFO Channel 00 : 9[13000] -> 10[48000] via SHM/direct/direct
dp-mpijob-worker-1:20:1732 [4] NCCL INFO Channel 00 : 12[89000] -> 13[8a000] via SHM/direct/direct
dp-mpijob-worker-1:18:1728 [2] NCCL INFO Channel 00 : 10[48000] -> 11[49000] via SHM/direct/direct
dp-mpijob-worker-1:19:1727 [3] NCCL INFO Channel 00 : 11[49000] -> 12[89000] via SHM/direct/direct
dp-mpijob-worker-1:22:1729 [6] NCCL INFO Channel 00 : 14[c1000] -> 15[c2000] via SHM/direct/direct
dp-mpijob-worker-1:17:1733 [1] NCCL INFO Channel 01 : 9[13000] -> 10[48000] via SHM/direct/direct
dp-mpijob-worker-1:21:1730 [5] NCCL INFO Channel 01 : 13[8a000] -> 14[c1000] via SHM/direct/direct
dp-mpijob-worker-2:20:1732 [4] NCCL INFO Connected all rings
dp-mpijob-worker-2:17:1727 [1] NCCL INFO Connected all rings
dp-mpijob-worker-1:18:1728 [2] NCCL INFO Channel 01 : 10[48000] -> 11[49000] via SHM/direct/direct
dp-mpijob-worker-1:23:1726 [7] NCCL INFO Channel 00/0 : 15[c2000] -> 16[12000] [send] via NET/Socket/0
dp-mpijob-worker-1:19:1727 [3] NCCL INFO Channel 01 : 11[49000] -> 12[89000] via SHM/direct/direct
dp-mpijob-worker-2:18:1730 [2] NCCL INFO Connected all rings
dp-mpijob-worker-1:22:1729 [6] NCCL INFO Channel 01 : 14[c1000] -> 15[c2000] via SHM/direct/direct
dp-mpijob-worker-2:21:1733 [5] NCCL INFO Connected all rings
dp-mpijob-worker-1:23:1726 [7] NCCL INFO Channel 01/0 : 15[c2000] -> 16[12000] [send] via NET/Socket/0
dp-mpijob-worker-1:20:1732 [4] NCCL INFO Channel 01 : 12[89000] -> 13[8a000] via SHM/direct/direct
dp-mpijob-worker-2:19:1726 [3] NCCL INFO Connected all rings
dp-mpijob-worker-2:22:1728 [6] NCCL INFO Connected all rings
dp-mpijob-worker-0:17:1718 [1] NCCL INFO Connected all rings
dp-mpijob-worker-0:21:1720 [5] NCCL INFO Connected all rings
dp-mpijob-worker-0:19:1719 [3] NCCL INFO Connected all rings
dp-mpijob-worker-0:20:1724 [4] NCCL INFO Connected all rings
dp-mpijob-worker-0:18:1722 [2] NCCL INFO Connected all rings
dp-mpijob-worker-0:22:1723 [6] NCCL INFO Connected all rings
dp-mpijob-worker-2:17:1727 [1] NCCL INFO Channel 00/0 : 8[12000] -> 17[13000] [receive] via NET/Socket/0
dp-mpijob-worker-2:23:1731 [7] NCCL INFO Connected all rings
dp-mpijob-worker-0:23:1721 [7] NCCL INFO Connected all rings
dp-mpijob-worker-2:23:1731 [7] NCCL INFO Channel 00 : 23[c2000] -> 22[c1000] via SHM/direct/direct
dp-mpijob-worker-0:23:1721 [7] NCCL INFO Channel 00 : 7[c2000] -> 6[c1000] via SHM/direct/direct
dp-mpijob-worker-0:23:1721 [7] NCCL INFO Channel 01 : 7[c2000] -> 6[c1000] via SHM/direct/direct
dp-mpijob-worker-2:23:1731 [7] NCCL INFO Channel 01 : 23[c2000] -> 22[c1000] via SHM/direct/direct
dp-mpijob-worker-0:17:1718 [1] NCCL INFO Channel 01/0 : 16[12000] -> 1[13000] [receive] via NET/Socket/0
dp-mpijob-worker-0:16:1717 [0] NCCL INFO Connected all rings
dp-mpijob-worker-2:20:1732 [4] NCCL INFO Channel 00 : 20[89000] -> 19[49000] via SHM/direct/direct
dp-mpijob-worker-2:20:1732 [4] NCCL INFO Channel 01 : 20[89000] -> 19[49000] via SHM/direct/direct
dp-mpijob-worker-2:21:1733 [5] NCCL INFO Channel 00 : 21[8a000] -> 20[89000] via SHM/direct/direct
dp-mpijob-worker-2:21:1733 [5] NCCL INFO Channel 01 : 21[8a000] -> 20[89000] via SHM/direct/direct
dp-mpijob-worker-2:22:1728 [6] NCCL INFO Channel 00 : 22[c1000] -> 21[8a000] via SHM/direct/direct
dp-mpijob-worker-2:19:1726 [3] NCCL INFO Channel 00 : 19[49000] -> 18[48000] via SHM/direct/direct
dp-mpijob-worker-2:22:1728 [6] NCCL INFO Channel 01 : 22[c1000] -> 21[8a000] via SHM/direct/direct
dp-mpijob-worker-2:19:1726 [3] NCCL INFO Channel 01 : 19[49000] -> 18[48000] via SHM/direct/direct
dp-mpijob-worker-2:16:1729 [0] NCCL INFO Connected all rings
dp-mpijob-worker-0:21:1720 [5] NCCL INFO Channel 00 : 5[8a000] -> 4[89000] via SHM/direct/direct
dp-mpijob-worker-2:23:1731 [7] NCCL INFO Connected all trees
dp-mpijob-worker-2:23:1731 [7] NCCL INFO threadThresholds 8/8/64 | 192/8/64 | 512 | 512
dp-mpijob-worker-2:23:1731 [7] NCCL INFO 2 coll channels, 2 p2p channels, 2 p2p channels per peer
dp-mpijob-worker-0:20:1724 [4] NCCL INFO Channel 00 : 4[89000] -> 3[49000] via SHM/direct/direct
dp-mpijob-worker-0:22:1723 [6] NCCL INFO Channel 00 : 6[c1000] -> 5[8a000] via SHM/direct/direct
dp-mpijob-worker-2:18:1730 [2] NCCL INFO Channel 00 : 18[48000] -> 17[13000] via SHM/direct/direct
dp-mpijob-worker-0:19:1719 [3] NCCL INFO Channel 00 : 3[49000] -> 2[48000] via SHM/direct/direct
dp-mpijob-worker-0:21:1720 [5] NCCL INFO Channel 01 : 5[8a000] -> 4[89000] via SHM/direct/direct
dp-mpijob-worker-0:20:1724 [4] NCCL INFO Channel 01 : 4[89000] -> 3[49000] via SHM/direct/direct
dp-mpijob-worker-0:22:1723 [6] NCCL INFO Channel 01 : 6[c1000] -> 5[8a000] via SHM/direct/direct
dp-mpijob-worker-0:19:1719 [3] NCCL INFO Channel 01 : 3[49000] -> 2[48000] via SHM/direct/direct
dp-mpijob-worker-2:18:1730 [2] NCCL INFO Channel 01 : 18[48000] -> 17[13000] via SHM/direct/direct
dp-mpijob-worker-2:21:1733 [5] NCCL INFO Connected all trees
dp-mpijob-worker-2:21:1733 [5] NCCL INFO threadThresholds 8/8/64 | 192/8/64 | 512 | 512
dp-mpijob-worker-2:21:1733 [5] NCCL INFO 2 coll channels, 2 p2p channels, 2 p2p channels per peer
dp-mpijob-worker-2:22:1728 [6] NCCL INFO Connected all trees
dp-mpijob-worker-2:22:1728 [6] NCCL INFO threadThresholds 8/8/64 | 192/8/64 | 512 | 512
dp-mpijob-worker-2:22:1728 [6] NCCL INFO 2 coll channels, 2 p2p channels, 2 p2p channels per peer
dp-mpijob-worker-2:20:1732 [4] NCCL INFO Connected all trees
dp-mpijob-worker-2:20:1732 [4] NCCL INFO threadThresholds 8/8/64 | 192/8/64 | 512 | 512
dp-mpijob-worker-2:20:1732 [4] NCCL INFO 2 coll channels, 2 p2p channels, 2 p2p channels per peer
dp-mpijob-worker-2:19:1726 [3] NCCL INFO Connected all trees
dp-mpijob-worker-2:19:1726 [3] NCCL INFO threadThresholds 8/8/64 | 192/8/64 | 512 | 512
dp-mpijob-worker-2:19:1726 [3] NCCL INFO 2 coll channels, 2 p2p channels, 2 p2p channels per peer
dp-mpijob-worker-0:18:1722 [2] NCCL INFO Channel 00 : 2[48000] -> 1[13000] via SHM/direct/direct
dp-mpijob-worker-0:18:1722 [2] NCCL INFO Channel 01 : 2[48000] -> 1[13000] via SHM/direct/direct
dp-mpijob-worker-0:21:1720 [5] NCCL INFO Connected all trees
dp-mpijob-worker-0:21:1720 [5] NCCL INFO threadThresholds 8/8/64 | 192/8/64 | 512 | 512
dp-mpijob-worker-0:21:1720 [5] NCCL INFO 2 coll channels, 2 p2p channels, 2 p2p channels per peer
dp-mpijob-worker-0:23:1721 [7] NCCL INFO Connected all trees
dp-mpijob-worker-0:23:1721 [7] NCCL INFO threadThresholds 8/8/64 | 192/8/64 | 512 | 512
dp-mpijob-worker-0:22:1723 [6] NCCL INFO Connected all trees
dp-mpijob-worker-0:22:1723 [6] NCCL INFO threadThresholds 8/8/64 | 192/8/64 | 512 | 512
dp-mpijob-worker-0:22:1723 [6] NCCL INFO 2 coll channels, 2 p2p channels, 2 p2p channels per peer
dp-mpijob-worker-0:23:1721 [7] NCCL INFO 2 coll channels, 2 p2p channels, 2 p2p channels per peer
dp-mpijob-worker-0:20:1724 [4] NCCL INFO Connected all trees
dp-mpijob-worker-0:20:1724 [4] NCCL INFO threadThresholds 8/8/64 | 192/8/64 | 512 | 512
dp-mpijob-worker-0:20:1724 [4] NCCL INFO 2 coll channels, 2 p2p channels, 2 p2p channels per peer
dp-mpijob-worker-1:16:1731 [0] NCCL INFO Connected all rings
dp-mpijob-worker-0:19:1719 [3] NCCL INFO Connected all trees
dp-mpijob-worker-0:19:1719 [3] NCCL INFO threadThresholds 8/8/64 | 192/8/64 | 512 | 512
dp-mpijob-worker-0:19:1719 [3] NCCL INFO 2 coll channels, 2 p2p channels, 2 p2p channels per peer
dp-mpijob-worker-0:16:1717 [0] NCCL INFO Channel 00/0 : 16[12000] -> 0[12000] [receive] via NET/Socket/0
dp-mpijob-worker-0:16:1717 [0] NCCL INFO Channel 01/0 : 0[12000] -> 8[12000] [send] via NET/Socket/0
dp-mpijob-worker-1:17:1733 [1] NCCL INFO Connected all rings
dp-mpijob-worker-2:16:1729 [0] NCCL INFO Channel 00/0 : 16[12000] -> 0[12000] [send] via NET/Socket/0
dp-mpijob-worker-1:19:1727 [3] NCCL INFO Connected all rings
dp-mpijob-worker-1:18:1728 [2] NCCL INFO Connected all rings
dp-mpijob-worker-1:21:1730 [5] NCCL INFO Connected all rings
dp-mpijob-worker-1:22:1729 [6] NCCL INFO Connected all rings
dp-mpijob-worker-1:20:1732 [4] NCCL INFO Connected all rings
dp-mpijob-worker-1:23:1726 [7] NCCL INFO Connected all rings
dp-mpijob-worker-1:23:1726 [7] NCCL INFO Channel 00 : 15[c2000] -> 14[c1000] via SHM/direct/direct
dp-mpijob-worker-1:23:1726 [7] NCCL INFO Channel 01 : 15[c2000] -> 14[c1000] via SHM/direct/direct
dp-mpijob-worker-2:16:1729 [0] NCCL INFO Channel 01/0 : 16[12000] -> 1[13000] [send] via NET/Socket/0
dp-mpijob-worker-1:16:1731 [0] NCCL INFO Channel 01/0 : 0[12000] -> 8[12000] [receive] via NET/Socket/0
dp-mpijob-worker-1:17:1733 [1] NCCL INFO Channel 00 : 9[13000] -> 8[12000] via SHM/direct/direct
dp-mpijob-worker-1:17:1733 [1] NCCL INFO Channel 01 : 9[13000] -> 8[12000] via SHM/direct/direct
dp-mpijob-worker-0:17:1718 [1] NCCL INFO Channel 01/0 : 1[13000] -> 16[12000] [send] via NET/Socket/0
dp-mpijob-worker-1:19:1727 [3] NCCL INFO Channel 00 : 11[49000] -> 10[48000] via SHM/direct/direct
dp-mpijob-worker-1:19:1727 [3] NCCL INFO Channel 01 : 11[49000] -> 10[48000] via SHM/direct/direct
dp-mpijob-worker-1:16:1731 [0] NCCL INFO Channel 00/0 : 8[12000] -> 17[13000] [send] via NET/Socket/0
dp-mpijob-worker-1:18:1728 [2] NCCL INFO Channel 00 : 10[48000] -> 9[13000] via SHM/direct/direct
dp-mpijob-worker-1:18:1728 [2] NCCL INFO Channel 01 : 10[48000] -> 9[13000] via SHM/direct/direct
dp-mpijob-worker-1:22:1729 [6] NCCL INFO Channel 00 : 14[c1000] -> 13[8a000] via SHM/direct/direct
dp-mpijob-worker-1:22:1729 [6] NCCL INFO Channel 01 : 14[c1000] -> 13[8a000] via SHM/direct/direct
dp-mpijob-worker-1:21:1730 [5] NCCL INFO Channel 00 : 13[8a000] -> 12[89000] via SHM/direct/direct
dp-mpijob-worker-1:20:1732 [4] NCCL INFO Channel 00 : 12[89000] -> 11[49000] via SHM/direct/direct
dp-mpijob-worker-1:21:1730 [5] NCCL INFO Channel 01 : 13[8a000] -> 12[89000] via SHM/direct/direct
dp-mpijob-worker-1:20:1732 [4] NCCL INFO Channel 01 : 12[89000] -> 11[49000] via SHM/direct/direct
dp-mpijob-worker-1:18:1728 [2] NCCL INFO Connected all trees
dp-mpijob-worker-1:18:1728 [2] NCCL INFO threadThresholds 8/8/64 | 192/8/64 | 512 | 512
dp-mpijob-worker-1:18:1728 [2] NCCL INFO 2 coll channels, 2 p2p channels, 2 p2p channels per peer
dp-mpijob-worker-1:23:1726 [7] NCCL INFO Connected all trees
dp-mpijob-worker-1:23:1726 [7] NCCL INFO threadThresholds 8/8/64 | 192/8/64 | 512 | 512
dp-mpijob-worker-1:23:1726 [7] NCCL INFO 2 coll channels, 2 p2p channels, 2 p2p channels per peer
dp-mpijob-worker-1:22:1729 [6] NCCL INFO Connected all trees
dp-mpijob-worker-1:22:1729 [6] NCCL INFO threadThresholds 8/8/64 | 192/8/64 | 512 | 512
dp-mpijob-worker-1:21:1730 [5] NCCL INFO Connected all trees
dp-mpijob-worker-1:21:1730 [5] NCCL INFO threadThresholds 8/8/64 | 192/8/64 | 512 | 512
dp-mpijob-worker-1:21:1730 [5] NCCL INFO 2 coll channels, 2 p2p channels, 2 p2p channels per peer
dp-mpijob-worker-1:22:1729 [6] NCCL INFO 2 coll channels, 2 p2p channels, 2 p2p channels per peer
dp-mpijob-worker-1:19:1727 [3] NCCL INFO Connected all trees
dp-mpijob-worker-1:19:1727 [3] NCCL INFO threadThresholds 8/8/64 | 192/8/64 | 512 | 512
dp-mpijob-worker-1:20:1732 [4] NCCL INFO Connected all trees
dp-mpijob-worker-1:20:1732 [4] NCCL INFO threadThresholds 8/8/64 | 192/8/64 | 512 | 512
dp-mpijob-worker-1:20:1732 [4] NCCL INFO 2 coll channels, 2 p2p channels, 2 p2p channels per peer
dp-mpijob-worker-1:19:1727 [3] NCCL INFO 2 coll channels, 2 p2p channels, 2 p2p channels per peer
dp-mpijob-worker-2:17:1727 [1] NCCL INFO Channel 00/0 : 17[13000] -> 8[12000] [send] via NET/Socket/0
dp-mpijob-worker-2:16:1729 [0] NCCL INFO Channel 01/0 : 1[13000] -> 16[12000] [receive] via NET/Socket/0
dp-mpijob-worker-2:16:1729 [0] NCCL INFO Channel 00/0 : 0[12000] -> 16[12000] [receive] via NET/Socket/0
dp-mpijob-worker-0:16:1717 [0] NCCL INFO Channel 01/0 : 8[12000] -> 0[12000] [receive] via NET/Socket/0
dp-mpijob-worker-0:16:1717 [0] NCCL INFO Channel 00/0 : 0[12000] -> 16[12000] [send] via NET/Socket/0
dp-mpijob-worker-0:17:1718 [1] NCCL INFO Channel 00 : 1[13000] -> 0[12000] via SHM/direct/direct
dp-mpijob-worker-0:17:1718 [1] NCCL INFO Channel 01 : 1[13000] -> 0[12000] via SHM/direct/direct
dp-mpijob-worker-0:18:1722 [2] NCCL INFO Connected all trees
dp-mpijob-worker-0:18:1722 [2] NCCL INFO threadThresholds 8/8/64 | 192/8/64 | 512 | 512
dp-mpijob-worker-0:18:1722 [2] NCCL INFO 2 coll channels, 2 p2p channels, 2 p2p channels per peer
dp-mpijob-worker-1:16:1731 [0] NCCL INFO Channel 00/0 : 17[13000] -> 8[12000] [receive] via NET/Socket/0
dp-mpijob-worker-1:16:1731 [0] NCCL INFO Channel 01/0 : 8[12000] -> 0[12000] [send] via NET/Socket/0
dp-mpijob-worker-2:17:1727 [1] NCCL INFO Channel 00 : 17[13000] -> 16[12000] via SHM/direct/direct
dp-mpijob-worker-2:17:1727 [1] NCCL INFO Channel 01 : 17[13000] -> 16[12000] via SHM/direct/direct
dp-mpijob-worker-1:16:1731 [0] NCCL INFO Connected all trees
dp-mpijob-worker-1:16:1731 [0] NCCL INFO threadThresholds 8/8/64 | 192/8/64 | 512 | 512
dp-mpijob-worker-1:16:1731 [0] NCCL INFO 2 coll channels, 2 p2p channels, 2 p2p channels per peer
dp-mpijob-worker-2:16:1729 [0] NCCL INFO Connected all trees
dp-mpijob-worker-2:16:1729 [0] NCCL INFO threadThresholds 8/8/64 | 192/8/64 | 512 | 512
dp-mpijob-worker-2:16:1729 [0] NCCL INFO 2 coll channels, 2 p2p channels, 2 p2p channels per peer
dp-mpijob-worker-2:18:1730 [2] NCCL INFO Connected all trees
dp-mpijob-worker-2:18:1730 [2] NCCL INFO threadThresholds 8/8/64 | 192/8/64 | 512 | 512
dp-mpijob-worker-2:18:1730 [2] NCCL INFO 2 coll channels, 2 p2p channels, 2 p2p channels per peer
dp-mpijob-worker-2:17:1727 [1] NCCL INFO Connected all trees
dp-mpijob-worker-2:17:1727 [1] NCCL INFO threadThresholds 8/8/64 | 192/8/64 | 512 | 512
dp-mpijob-worker-2:17:1727 [1] NCCL INFO 2 coll channels, 2 p2p channels, 2 p2p channels per peer
dp-mpijob-worker-1:17:1733 [1] NCCL INFO Connected all trees
dp-mpijob-worker-1:17:1733 [1] NCCL INFO threadThresholds 8/8/64 | 192/8/64 | 512 | 512
dp-mpijob-worker-1:17:1733 [1] NCCL INFO 2 coll channels, 2 p2p channels, 2 p2p channels per peer
dp-mpijob-worker-0:16:1717 [0] NCCL INFO Connected all trees
dp-mpijob-worker-0:16:1717 [0] NCCL INFO threadThresholds 8/8/64 | 192/8/64 | 512 | 512
dp-mpijob-worker-0:16:1717 [0] NCCL INFO 2 coll channels, 2 p2p channels, 2 p2p channels per peer
dp-mpijob-worker-0:17:1718 [1] NCCL INFO Connected all trees
dp-mpijob-worker-0:17:1718 [1] NCCL INFO threadThresholds 8/8/64 | 192/8/64 | 512 | 512
dp-mpijob-worker-0:17:1718 [1] NCCL INFO 2 coll channels, 2 p2p channels, 2 p2p channels per peer
dp-mpijob-worker-1:16:1731 [0] NCCL INFO comm 0x3d8f4b40 rank 8 nranks 24 cudaDev 0 busId 12000 - Init COMPLETE
dp-mpijob-worker-2:16:1729 [0] NCCL INFO comm 0x3d763b40 rank 16 nranks 24 cudaDev 0 busId 12000 - Init COMPLETE
dp-mpijob-worker-2:17:1727 [1] NCCL INFO comm 0x4d98e940 rank 17 nranks 24 cudaDev 1 busId 13000 - Init COMPLETE
dp-mpijob-worker-2:22:1728 [6] NCCL INFO comm 0x4bd8a300 rank 22 nranks 24 cudaDev 6 busId c1000 - Init COMPLETE
dp-mpijob-worker-1:22:1729 [6] NCCL INFO comm 0x4f5a6f80 rank 14 nranks 24 cudaDev 6 busId c1000 - Init COMPLETE
dp-mpijob-worker-1:20:1732 [4] NCCL INFO comm 0x4b817280 rank 12 nranks 24 cudaDev 4 busId 89000 - Init COMPLETE
dp-mpijob-worker-1:18:1728 [2] NCCL INFO comm 0x4cd50240 rank 10 nranks 24 cudaDev 2 busId 48000 - Init COMPLETE
dp-mpijob-worker-1:21:1730 [5] NCCL INFO comm 0x4ca7a600 rank 13 nranks 24 cudaDev 5 busId 8a000 - Init COMPLETE
dp-mpijob-worker-0:16:1717 [0] NCCL INFO comm 0x40117340 rank 0 nranks 24 cudaDev 0 busId 12000 - Init COMPLETE
dp-mpijob-worker-1:19:1727 [3] NCCL INFO comm 0x4e0cc8c0 rank 11 nranks 24 cudaDev 3 busId 49000 - Init COMPLETE
dp-mpijob-worker-0:17:1718 [1] NCCL INFO comm 0x4e6a8400 rank 1 nranks 24 cudaDev 1 busId 13000 - Init COMPLETE
dp-mpijob-worker-2:20:1732 [4] NCCL INFO comm 0x4e10fcc0 rank 20 nranks 24 cudaDev 4 busId 89000 - Init COMPLETE
[2023-08-14 09:01:42,972] [INFO] [logging.py:96:log_dist] [Rank 0] DeepSpeed Flops Profiler Enabled: False
dp-mpijob-worker-2:21:1733 [5] NCCL INFO comm 0x4d212fc0 rank 21 nranks 24 cudaDev 5 busId 8a000 - Init COMPLETE
dp-mpijob-worker-2:19:1726 [3] NCCL INFO comm 0x4dbd6b80 rank 19 nranks 24 cudaDev 3 busId 49000 - Init COMPLETE
dp-mpijob-worker-2:18:1730 [2] NCCL INFO comm 0x4f1553c0 rank 18 nranks 24 cudaDev 2 busId 48000 - Init COMPLETE
dp-mpijob-worker-2:23:1731 [7] NCCL INFO comm 0x4e15de80 rank 23 nranks 24 cudaDev 7 busId c2000 - Init COMPLETE
dp-mpijob-worker-1:23:1726 [7] NCCL INFO comm 0x4edeaac0 rank 15 nranks 24 cudaDev 7 busId c2000 - Init COMPLETE
dp-mpijob-worker-1:17:1733 [1] NCCL INFO comm 0x4f2a5140 rank 9 nranks 24 cudaDev 1 busId 13000 - Init COMPLETE
dp-mpijob-worker-0:22:1723 [6] NCCL INFO comm 0x4e954500 rank 6 nranks 24 cudaDev 6 busId c1000 - Init COMPLETE
dp-mpijob-worker-0:18:1722 [2] NCCL INFO comm 0x4d1874c0 rank 2 nranks 24 cudaDev 2 busId 48000 - Init COMPLETE
dp-mpijob-worker-0:23:1721 [7] NCCL INFO comm 0x4dae97c0 rank 7 nranks 24 cudaDev 7 busId c2000 - Init COMPLETE
dp-mpijob-worker-0:19:1719 [3] NCCL INFO comm 0x4f84b8c0 rank 3 nranks 24 cudaDev 3 busId 49000 - Init COMPLETE
dp-mpijob-worker-0:21:1720 [5] NCCL INFO comm 0x50aec7c0 rank 5 nranks 24 cudaDev 5 busId 8a000 - Init COMPLETE
dp-mpijob-worker-0:20:1724 [4] NCCL INFO comm 0x4ee0fc00 rank 4 nranks 24 cudaDev 4 busId 89000 - Init COMPLETE
Using /root/.cache/torch_extensions/py39_cu117 as PyTorch extensions root...
Creating extension directory /root/.cache/torch_extensions/py39_cu117/fused_adam...
Using /root/.cache/torch_extensions/py39_cu117 as PyTorch extensions root...
Creating extension directory /root/.cache/torch_extensions/py39_cu117/fused_adam...
Using /root/.cache/torch_extensions/py39_cu117 as PyTorch extensions root...
Creating extension directory /root/.cache/torch_extensions/py39_cu117/fused_adam...
Using /root/.cache/torch_extensions/py39_cu117 as PyTorch extensions root...
Using /root/.cache/torch_extensions/py39_cu117 as PyTorch extensions root...
Using /root/.cache/torch_extensions/py39_cu117 as PyTorch extensions root...
Using /root/.cache/torch_extensions/py39_cu117 as PyTorch extensions root...
Using /root/.cache/torch_extensions/py39_cu117 as PyTorch extensions root...
Using /root/.cache/torch_extensions/py39_cu117 as PyTorch extensions root...
Using /root/.cache/torch_extensions/py39_cu117 as PyTorch extensions root...
Using /root/.cache/torch_extensions/py39_cu117 as PyTorch extensions root...
Using /root/.cache/torch_extensions/py39_cu117 as PyTorch extensions root...
Using /root/.cache/torch_extensions/py39_cu117 as PyTorch extensions root...
Using /root/.cache/torch_extensions/py39_cu117 as PyTorch extensions root...
Using /root/.cache/torch_extensions/py39_cu117 as PyTorch extensions root...
Using /root/.cache/torch_extensions/py39_cu117 as PyTorch extensions root...
Using /root/.cache/torch_extensions/py39_cu117 as PyTorch extensions root...
Using /root/.cache/torch_extensions/py39_cu117 as PyTorch extensions root...
Using /root/.cache/torch_extensions/py39_cu117 as PyTorch extensions root...
Using /root/.cache/torch_extensions/py39_cu117 as PyTorch extensions root...
Using /root/.cache/torch_extensions/py39_cu117 as PyTorch extensions root...
Using /root/.cache/torch_extensions/py39_cu117 as PyTorch extensions root...
Using /root/.cache/torch_extensions/py39_cu117 as PyTorch extensions root...
Detected CUDA files, patching ldflags
Emitting ninja build file /root/.cache/torch_extensions/py39_cu117/fused_adam/build.ninja...
Building extension module fused_adam...
Allowing ninja to set a default number of workers... (overridable by setting the environment variable MAX_JOBS=N)
Using /root/.cache/torch_extensions/py39_cu117 as PyTorch extensions root...
Detected CUDA files, patching ldflags
Emitting ninja build file /root/.cache/torch_extensions/py39_cu117/fused_adam/build.ninja...
Building extension module fused_adam...
Allowing ninja to set a default number of workers... (overridable by setting the environment variable MAX_JOBS=N)
Detected CUDA files, patching ldflags
Emitting ninja build file /root/.cache/torch_extensions/py39_cu117/fused_adam/build.ninja...
Building extension module fused_adam...
Allowing ninja to set a default number of workers... (overridable by setting the environment variable MAX_JOBS=N)
[1/3] /usr/local/cuda/bin/nvcc  -DTORCH_EXTENSION_NAME=fused_adam -DTORCH_API_INCLUDE_EXTENSION_H -DPYBIND11_COMPILER_TYPE=\"_gcc\" -DPYBIND11_STDLIB=\"_libstdcpp\" -DPYBIND11_BUILD_ABI=\"_cxxabi1011\" -I/usr/local/lib/python3.9/dist-packages/deepspeed/ops/csrc/includes -I/usr/local/lib/python3.9/dist-packages/deepspeed/ops/csrc/adam -isystem /usr/local/lib/python3.9/dist-packages/torch/include -isystem /usr/local/lib/python3.9/dist-packages/torch/include/torch/csrc/api/include -isystem /usr/local/lib/python3.9/dist-packages/torch/include/TH -isystem /usr/local/lib/python3.9/dist-packages/torch/include/THC -isystem /usr/local/cuda/include -isystem /usr/include/python3.9 -D_GLIBCXX_USE_CXX11_ABI=0 -D__CUDA_NO_HALF_OPERATORS__ -D__CUDA_NO_HALF_CONVERSIONS__ -D__CUDA_NO_BFLOAT16_CONVERSIONS__ -D__CUDA_NO_HALF2_OPERATORS__ --expt-relaxed-constexpr -gencode=arch=compute_86,code=compute_86 -gencode=arch=compute_86,code=sm_86 --compiler-options '-fPIC' -O3 -DVERSION_GE_1_1 -DVERSION_GE_1_3 -DVERSION_GE_1_5 -lineinfo --use_fast_math -gencode=arch=compute_86,code=sm_86 -gencode=arch=compute_86,code=compute_86 -DBF16_AVAILABLE -std=c++17 -c /usr/local/lib/python3.9/dist-packages/deepspeed/ops/csrc/adam/multi_tensor_adam.cu -o multi_tensor_adam.cuda.o 
[1/3] /usr/local/cuda/bin/nvcc  -DTORCH_EXTENSION_NAME=fused_adam -DTORCH_API_INCLUDE_EXTENSION_H -DPYBIND11_COMPILER_TYPE=\"_gcc\" -DPYBIND11_STDLIB=\"_libstdcpp\" -DPYBIND11_BUILD_ABI=\"_cxxabi1011\" -I/usr/local/lib/python3.9/dist-packages/deepspeed/ops/csrc/includes -I/usr/local/lib/python3.9/dist-packages/deepspeed/ops/csrc/adam -isystem /usr/local/lib/python3.9/dist-packages/torch/include -isystem /usr/local/lib/python3.9/dist-packages/torch/include/torch/csrc/api/include -isystem /usr/local/lib/python3.9/dist-packages/torch/include/TH -isystem /usr/local/lib/python3.9/dist-packages/torch/include/THC -isystem /usr/local/cuda/include -isystem /usr/include/python3.9 -D_GLIBCXX_USE_CXX11_ABI=0 -D__CUDA_NO_HALF_OPERATORS__ -D__CUDA_NO_HALF_CONVERSIONS__ -D__CUDA_NO_BFLOAT16_CONVERSIONS__ -D__CUDA_NO_HALF2_OPERATORS__ --expt-relaxed-constexpr -gencode=arch=compute_86,code=compute_86 -gencode=arch=compute_86,code=sm_86 --compiler-options '-fPIC' -O3 -DVERSION_GE_1_1 -DVERSION_GE_1_3 -DVERSION_GE_1_5 -lineinfo --use_fast_math -gencode=arch=compute_86,code=sm_86 -gencode=arch=compute_86,code=compute_86 -DBF16_AVAILABLE -std=c++17 -c /usr/local/lib/python3.9/dist-packages/deepspeed/ops/csrc/adam/multi_tensor_adam.cu -o multi_tensor_adam.cuda.o 
[1/3] /usr/local/cuda/bin/nvcc  -DTORCH_EXTENSION_NAME=fused_adam -DTORCH_API_INCLUDE_EXTENSION_H -DPYBIND11_COMPILER_TYPE=\"_gcc\" -DPYBIND11_STDLIB=\"_libstdcpp\" -DPYBIND11_BUILD_ABI=\"_cxxabi1011\" -I/usr/local/lib/python3.9/dist-packages/deepspeed/ops/csrc/includes -I/usr/local/lib/python3.9/dist-packages/deepspeed/ops/csrc/adam -isystem /usr/local/lib/python3.9/dist-packages/torch/include -isystem /usr/local/lib/python3.9/dist-packages/torch/include/torch/csrc/api/include -isystem /usr/local/lib/python3.9/dist-packages/torch/include/TH -isystem /usr/local/lib/python3.9/dist-packages/torch/include/THC -isystem /usr/local/cuda/include -isystem /usr/include/python3.9 -D_GLIBCXX_USE_CXX11_ABI=0 -D__CUDA_NO_HALF_OPERATORS__ -D__CUDA_NO_HALF_CONVERSIONS__ -D__CUDA_NO_BFLOAT16_CONVERSIONS__ -D__CUDA_NO_HALF2_OPERATORS__ --expt-relaxed-constexpr -gencode=arch=compute_86,code=compute_86 -gencode=arch=compute_86,code=sm_86 --compiler-options '-fPIC' -O3 -DVERSION_GE_1_1 -DVERSION_GE_1_3 -DVERSION_GE_1_5 -lineinfo --use_fast_math -gencode=arch=compute_86,code=sm_86 -gencode=arch=compute_86,code=compute_86 -DBF16_AVAILABLE -std=c++17 -c /usr/local/lib/python3.9/dist-packages/deepspeed/ops/csrc/adam/multi_tensor_adam.cu -o multi_tensor_adam.cuda.o 
[2/3] c++ -MMD -MF fused_adam_frontend.o.d -DTORCH_EXTENSION_NAME=fused_adam -DTORCH_API_INCLUDE_EXTENSION_H -DPYBIND11_COMPILER_TYPE=\"_gcc\" -DPYBIND11_STDLIB=\"_libstdcpp\" -DPYBIND11_BUILD_ABI=\"_cxxabi1011\" -I/usr/local/lib/python3.9/dist-packages/deepspeed/ops/csrc/includes -I/usr/local/lib/python3.9/dist-packages/deepspeed/ops/csrc/adam -isystem /usr/local/lib/python3.9/dist-packages/torch/include -isystem /usr/local/lib/python3.9/dist-packages/torch/include/torch/csrc/api/include -isystem /usr/local/lib/python3.9/dist-packages/torch/include/TH -isystem /usr/local/lib/python3.9/dist-packages/torch/include/THC -isystem /usr/local/cuda/include -isystem /usr/include/python3.9 -D_GLIBCXX_USE_CXX11_ABI=0 -fPIC -std=c++17 -O3 -std=c++17 -g -Wno-reorder -DVERSION_GE_1_1 -DVERSION_GE_1_3 -DVERSION_GE_1_5 -DBF16_AVAILABLE -c /usr/local/lib/python3.9/dist-packages/deepspeed/ops/csrc/adam/fused_adam_frontend.cpp -o fused_adam_frontend.o 
[3/3] c++ fused_adam_frontend.o multi_tensor_adam.cuda.o -shared -L/usr/local/lib/python3.9/dist-packages/torch/lib -lc10 -lc10_cuda -ltorch_cpu -ltorch_cuda -ltorch -ltorch_python -L/usr/local/cuda/lib64 -lcudart -o fused_adam.so
Loading extension module fused_adam...
Time to load fused_adam op: 25.97530698776245 seconds
Loading extension module fused_adam...
Time to load fused_adam op: 25.95941400527954 seconds
[2023-08-14 09:02:09,443] [INFO] [logging.py:96:log_dist] [Rank 0] Using DeepSpeed Optimizer param name adam as basic optimizer
[2023-08-14 09:02:09,444] [INFO] [logging.py:96:log_dist] [Rank 0] DeepSpeed Basic Optimizer = FusedAdam
[2023-08-14 09:02:09,444] [INFO] [logging.py:96:log_dist] [Rank 0] Creating fp16 optimizer with dynamic loss scale
Loading extension module fused_adam...
Loading extension module fused_adam...
Time to load fused_adam op: 25.960073232650757 seconds
Time to load fused_adam op: 25.961514711380005 seconds
Loading extension module fused_adam...
Time to load fused_adam op: 25.961599349975586 seconds
Loading extension module fused_adam...
Time to load fused_adam op: 25.96181058883667 seconds
Loading extension module fused_adam...
Time to load fused_adam op: 25.961881399154663 seconds
Loading extension module fused_adam...
Time to load fused_adam op: 25.960768461227417 seconds
[2023-08-14 09:02:09,578] [INFO] [logging.py:96:log_dist] [Rank 0] DeepSpeed Final Optimizer = adam
[2023-08-14 09:02:09,578] [INFO] [logging.py:96:log_dist] [Rank 0] DeepSpeed using configured LR scheduler = WarmupLR
[2023-08-14 09:02:09,578] [INFO] [logging.py:96:log_dist] [Rank 0] DeepSpeed LR Scheduler = <deepspeed.runtime.lr_schedules.WarmupLR object at 0x7f7c404cb6a0>
[2023-08-14 09:02:09,579] [INFO] [logging.py:96:log_dist] [Rank 0] step=0, skipped=0, lr=[0.001], mom=[[0.8, 0.999]]
[2023-08-14 09:02:09,579] [INFO] [config.py:960:print] DeepSpeedEngine configuration:
[2023-08-14 09:02:09,581] [INFO] [config.py:964:print]   activation_checkpointing_config  {
    "partition_activations": false, 
    "contiguous_memory_optimization": false, 
    "cpu_checkpointing": false, 
    "number_checkpoints": null, 
    "synchronize_checkpoint_boundary": false, 
    "profile": false
}
